[seanhalpin.io/index.html]
[backblue.gif]
[fade.gif]
[index.html]
[seanhalpin.io/assets/img/ui/app/144.png]
[seanhalpin.io/favicon.ico]
[seanhalpin.io/assets/img/ui/app/120.png]
[seanhalpin.io/assets/img/ui/app/72.png]
[seanhalpin.io/assets/img/ui/app/57.png]
[seanhalpin.io/favicon.png]
[seanhalpin.io/assets/css/bootstrap.css]
[use.typekit.net/wdj6cpr.js]
[seanhalpin.io/assets/js/respond.min.js]
[seanhalpin.io/assets/js/modernizr.js]
[seanhalpin.io/work.html]
[seanhalpin.io/notes.html]
[seanhalpin.io/@gmail.com__sean.e.halpin]
[seanhalpin.io/assets/js/jquery-1.10.2.min.js]
[code.jquery.com/jquery-1.10.2.min.js]
[seanhalpin.io/assets/js/bootstrap.min.js]
[seanhalpin.io/assets/js/min/app.js]
[seanhalpin.io/assets/js/min/init.min.js]
[seanhalpin.io/index.html]
[www.google-analytics.com/analytics.js]
[seanhalpin.io/assets/fonts/glyphicons-halflings-regular.eot]
[seanhalpin.io/assets/fonts/glyphicons-halflings-regulard41d.eot]
[seanhalpin.io/assets/fonts/glyphicons-halflings-regular.19.delayed]
[seanhalpin.io/assets/fonts/glyphicons-halflings-regular.1a.delayed]
[seanhalpin.io/assets/fonts/glyphicons-halflings-regular.1b.delayed]
[seanhalpin.io/assets/img/content/nav/header-logo-mask.png]
[seanhalpin.io/assets/img/content/nav/header-logo-mask@2x.png]
[seanhalpin.io/assets/img/ui/404-cloud.png]
[seanhalpin.io/assets/img/ui/404-cloud@2x.png]
[seanhalpin.io/assets/img/ui/404-flag.png]
[seanhalpin.io/assets/img/ui/404-flag@2x.png]
[seanhalpin.io/assets/img/ui/line-bg.png]
[seanhalpin.io/assets/img/ui/line-bg@2x.png]
[seanhalpin.io/assets/img/content/home/what-i-do/line-bg.png]
[seanhalpin.io/assets/img/content/home/what-i-do/line-bg@2x.png]
[seanhalpin.io/assets/img/content/home/what-i-do/design-icons-vert.png]
[seanhalpin.io/assets/img/content/home/what-i-do/design-icons-vert@2x.png]
[seanhalpin.io/assets/img/content/home/what-i-do/dev-icons-vert.png]
[seanhalpin.io/assets/img/content/home/what-i-do/dev-icons-vert@2x.png]
[seanhalpin.io/assets/img/content/home/contact/mail.png]
[seanhalpin.io/assets/img/content/home/contact/mail@2x.png]
[seanhalpin.io/assets/img/ui/drib.png]
[seanhalpin.io/assets/img/ui/drib@2x.png]
[seanhalpin.io/assets/img/content/work/shadow.png]
[seanhalpin.io/assets/img/content/work/shadow@2x.png]
[seanhalpin.io/assets/img/ui/error/404--title.png]
[seanhalpin.io/assets/img/ui/error/404--title@2x.png]
[seanhalpin.io/assets/img/ui/error/white--small--1.png]
[seanhalpin.io/assets/img/ui/error/white--small--1@2x.png]
[seanhalpin.io/assets/img/ui/error/pink--big--2.png]
[seanhalpin.io/assets/img/ui/error/pink--big--2@2x.png]
[seanhalpin.io/assets/img/ui/error/green--big--3.png]
[seanhalpin.io/assets/img/ui/error/green--big--3@2x.png]
[seanhalpin.io/assets/img/ui/error/white-small--4.png]
[seanhalpin.io/assets/img/ui/error/white-small--4@2x.png]
[seanhalpin.io/assets/img/ui/error/white--big--5.png]
[seanhalpin.io/assets/img/ui/error/white--big--5@2x.png]
[seanhalpin.io/assets/img/ui/error/pink--small--6.png]
[seanhalpin.io/assets/img/ui/error/pink--small--6@2x.png]
[seanhalpin.io/assets/img/ui/error/cloud-big.png]
[seanhalpin.io/assets/img/ui/error/cloud-big@2x.png]
[seanhalpin.io/assets/img/ui/error/cloud-small.png]
[seanhalpin.io/assets/img/ui/error/cloud-small@2x.png]
[seanhalpin.io/assets/css/bootstrap.css]
[seanhalpin.io/assets/img/ui/loader.gif]
[seanhalpin.io/work.html]
[seanhalpin.io/assets/img/content/notes/1310-out-with-old.jpg]
[seanhalpin.io/notes.html]
[seanhalpin.io/assets/img/content/home/masthead/im-sean.svg]
[seanhalpin.io/assets/img/content/home/masthead/land.svg]
[seanhalpin.io/assets/img/content/home/hello/me.svg]
[seanhalpin.io/assets/img/content/home/what-i-do/me-dev.svg]
[seanhalpin.io/@gmail.com__sean.e.html]
[seanhalpin.io/assets/js/jquery-1.10.2.min.html]
[seanhalpin.io/assets/fonts/glyphicons-halflings-regular.html]
[seanhalpin.io/assets/fonts/glyphicons-halflings-regulard41d.html]
[seanhalpin.io/assets/fonts/glyphicons-halflings-regular-2.html]
[seanhalpin.io/assets/fonts/glyphicons-halflings-regular-3.html]
[seanhalpin.io/assets/fonts/glyphicons-halflings-regular-4.html]
[seanhalpin.io/assets/img/content/nav/header-logo-i.svg]
[seanhalpin.io/assets/img/ui/cloud.svg]
[seanhalpin.io/assets/img/content/home/masthead/flag.svg]
[seanhalpin.io/assets/img/content/work/shadow.html]
[seanhalpin.io/assets/img/content/work/shadow@2x.html]
[seanhalpin.io/assets/img/content/home/masthead/work.svg]
[seanhalpin.io/assets/img/content/home/work/pencil.svg]
[seanhalpin.io/assets/img/content/home/masthead/notes.svg]
